<html>
<body>
<pre>
<h1>µVision Build Log</h1>
<h2>Project:</h2>
C:\Users\FAWADUL\Desktop\College\UT Fall 2017\EE 319K\Lab 3 Updated\lab-3-fawadul-h-and-rafael-h\Lab3.uvproj
Project File Date:  09/27/2017

<h2>Output:</h2>
Build target 'Lab3'
assembling main.s...
linking...
Program Size: Code=2748 RO-data=240 RW-data=52 ZI-data=1084  
".\Lab3.axf" - 0 Error(s), 0 Warning(s).
Load "C:\\Users\\FAWADUL\\Desktop\\College\\UT Fall 2017\\EE 319K\\Lab 3 Updated\\lab-3-fawadul-h-and-rafael-h\\Lab3.axf" 
Connecting: Mode=JTAG, Speed=1000000Hz
Erase Done.
Programming Done.
Verify OK.
</pre>
</body>
</html>
